[dotenv@17.2.3] injecting env (9) from .env.local -- tip: ­ƒöä add secrets lifecycle management: https://dotenvx.com/ops
Project ID: estrumetalonline
Client Email: firebase-adminsdk-fbsvc@estrumetalonline.iam.gserviceaccount.com
Private Key starts with: -----BEGIN PRIVATE K
Attempting to list collections...
node : Firestore 
Error: 7 
PERMISSION_DENIED: 
Cloud Firestore 
API has not been 
used in project 
estrumetalonline 
before or it is 
disabled. Enable 
it by visiting http
s://console.develop
ers.google.com/apis
/api/firestore.goog
leapis.com/overview
?project=estrumetal
online then retry. 
If you enabled 
this API recently, 
wait a few minutes 
for the action to 
propagate to our 
systems and retry.
En línea: 1 
Carácter: 1
+ node scripts/test
-firestore.js > 
test_output.txt 
2>&1; cat 
test_outpu ...
+ ~~~~~~~~~~~~~~~~~
~~~~~~~~~~~~~~~~~~~
~~~~~~~~~~~~~~~~~
    + CategoryInfo 
             : No  
  tSpecified: (F   
 irestore Error    
...tems and re    
try.:String) [    
], RemoteExcep    
tion
    + FullyQualifi 
   edErrorId : Na  
  tiveCommandErr   
 or
 
Details: Cloud 
Firestore API has 
not been used in 
project 
estrumetalonline 
before or it is 
disabled. Enable 
it by visiting http
s://console.develop
ers.google.com/apis
/api/firestore.goog
leapis.com/overview
?project=estrumetal
online then retry. 
If you enabled 
this API recently, 
wait a few minutes 
for the action to 
propagate to our 
systems and retry.
Code: 7
